tsc output
